Лабораторна робота №1
Нікітін Євгеній
ФБ-01мп

1) Створювати Git-репозиторій і додати в нього декілька текстових файлів (чи з кодом), зробити початковий коміт
	Створюю репозиторій:
		$ git init
		Initialized empty Git repository in D:/Dezmant991/Учебники/V курс/2 симестр/Проектування розподілених систем/Labs/Lab_1/.git/

	Додаю файли:
		- Lab_1_Nikitin.txt
		- File with text.txt

	Роблю початковий коміт:
		$ git status
			On branch master

			No commits yet

			Untracked files:
			  (use "git add <file>..." to include in what will be committed)
			        File with text.txt
			        Lab_1_Nikitin.txt

			nothing added to commit but untracked files present (use "git add" to track)

		$ git add .

		$ git commit -m "Initial commit Lab_1"
			[master (root-commit) 481a754] Initial commit Lab_1
			 2 files changed, 56 insertions(+)
			 create mode 100644 File with text.txt
			 create mode 100644 Lab_1_Nikitin.txt

		$ git remote add origin https://github.com/UjinNikitin/MSVC_Lab_1.git

		$ git push origin master
			git: 'credential-cache' is not a git command. See 'git --help'.
			Enumerating objects: 4, done.
			Counting objects: 100% (4/4), done.
			Delta compression using up to 12 threads
			Compressing objects: 100% (4/4), done.
			Writing objects: 100% (4/4), 2.27 KiB | 2.27 MiB/s, done.
			Total 4 (delta 0), reused 0 (delta 0)
			To https://github.com/UjinNikitin/MSVC_Lab_1.git
			 * [new branch]      master -> master


2) Зробити ще два коміти вносячи зміни у файли 
	$ git add .

	$ git commit -m "Fix typo"
		[master 3f8d96c] Fix typo
		 2 files changed, 44 insertions(+), 1 deletion(-)

	$ git push origin master
		git: 'credential-cache' is not a git command. See 'git --help'.
		Enumerating objects: 7, done.
		Counting objects: 100% (7/7), done.
		Delta compression using up to 12 threads
		Compressing objects: 100% (4/4), done.
		Writing objects: 100% (4/4), 1.08 KiB | 1.08 MiB/s, done.
		Total 4 (delta 2), reused 0 (delta 0)
		remote: Resolving deltas: 100% (2/2), completed with 2 local objects.
		To https://github.com/UjinNikitin/MSVC_Lab_1.git
		   481a754..3f8d96c  master -> master

	$ git add .

	$ git commit -m "Remove RSA K"
		[master 41cc22f] Remove RSA K
		 1 file changed, 1 insertion(+), 5 deletions(-)

	$ git push origin master
		git: 'credential-cache' is not a git command. See 'git --help'.
		Enumerating objects: 5, done.
		Counting objects: 100% (5/5), done.
		Delta compression using up to 12 threads
		Compressing objects: 100% (3/3), done.
		Writing objects: 100% (3/3), 326 bytes | 326.00 KiB/s, done.
		Total 3 (delta 1), reused 0 (delta 0)
		remote: Resolving deltas: 100% (1/1), completed with 1 local object.
		To https://github.com/UjinNikitin/MSVC_Lab_1.git
		   3f8d96c..41cc22f  master -> master


3) Вивести лог змін (має бути 3 послідовних коміта)
	$ git log --pretty=format:'%h : %s' --graph
		* 41cc22f : Remove RSA K
		* 3f8d96c : Fix typo
		* 481a754 : Initial commit Lab_1


4) На основі другого коміту зробити гілку, перейти в цю гілку та в ній внести зміни та зробити новий коміт
	$ git branch b_2 3f8d96c

	$ git checkout b_2
		Switched to branch 'b_2'

	$ git add .

	$ git commit -m "b_2 commit"
		[b_2 ccf2576] b_2 commit
		 1 file changed, 43 insertions(+), 1 deletion(-)

	$ git push origin b_2
		git: 'credential-cache' is not a git command. See 'git --help'.
		Enumerating objects: 5, done.
		Counting objects: 100% (5/5), done.
		Delta compression using up to 12 threads
		Compressing objects: 100% (3/3), done.
		Writing objects: 100% (3/3), 803 bytes | 803.00 KiB/s, done.
		Total 3 (delta 2), reused 0 (delta 0)
		remote: Resolving deltas: 100% (2/2), completed with 2 local objects.
		remote:
		remote: Create a pull request for 'b_2' on GitHub by visiting:
		remote:      https://github.com/UjinNikitin/MSVC_Lab_1/pull/new/b_2
		remote:
		To https://github.com/UjinNikitin/MSVC_Lab_1.git
		 * [new branch]      b_2 -> b_2


5) Вивести дерево комітів у командному рядку. Він має бути приблизно наступний
	$ git log --oneline --graph --decorate --all
		* ccf2576 (origin/b_2, b_2) b_2 commit
		| * 41cc22f (HEAD -> master, origin/master) Remove RSA K
		|/
		* 3f8d96c Fix typo
		* 481a754 Initial commit Lab_1

6) Покажіть різницю між branch та main
	$ git diff master..b_2
		diff --git a/File with text.txt b/File with text.txt
		index c4a7f8a..642e828 100644
		--- a/File with text.txt
		+++ b/File with text.txt
		@@ -16,4 +16,8 @@ n_A_hex = 166E35EBA15B30AC50048D7C636C10390A4593735EF439396C7E6FE4CEB9BF9F7F586A

		 d_A_hex = 0F35C2740AAB71E02B20A198D8CE91996A147CFDAF058BF06F7D3A295D8AB76BDF23FF5375CAF8E9450EFFD3A613231704C229767A5AF4D5AF931FE06C8BA93861D643

		-K_hex = 0B022CB706390BED
		\ No newline at end of file
		+K_hex = 0B022CB706390BED
		+
		+K = 793245648965667821
		+
		+n_B_hex = 08E6D7BCA0358EFE3A7EAB6F3BC06FF4F4D375023A5EF081907ACF60E5256F63101D6D5024A8571027F20284916E13FF3DB58C3288B28F0358E8A584E869461D70DA513F92A5E725A7BD839EC81A098A9B9347D262685F4010CE2A82D79E06036EF9A1925559CBFC44505F20382693D03C82189D34BD0B22AB4CC8A9C34E2D885
		\ No newline at end of file
		diff --git a/Lab_1_Nikitin.txt b/Lab_1_Nikitin.txt
		index e9eb53b..27204cf 100644
		--- a/Lab_1_Nikitin.txt
		+++ b/Lab_1_Nikitin.txt
		@@ -46,12 +46,54 @@
		                         * [new branch]      master -> master


		-
		 2) Зробити ще два коміти вносячи зміни у файли
		+       $ git add .
		+
		+       $ git commit -m "Fix typo"
		+               [master 3f8d96c] Fix typo
		+                2 files changed, 44 insertions(+), 1 deletion(-)
		+
		+       $ git push origin master
		+               git: 'credential-cache' is not a git command. See 'git --help'.
		+               Enumerating objects: 7, done.
		+               Counting objects: 100% (7/7), done.
		+               Delta compression using up to 12 threads
		+               Compressing objects: 100% (4/4), done.
		+               Writing objects: 100% (4/4), 1.08 KiB | 1.08 MiB/s, done.
		+               Total 4 (delta 2), reused 0 (delta 0)
		+               remote: Resolving deltas: 100% (2/2), completed with 2 local objects.
		+               To https://github.com/UjinNikitin/MSVC_Lab_1.git
		+                  481a754..3f8d96c  master -> master
		+
		+       $ git add .
		+
		+       $ git commit -m "Remove RSA K"
		+               [master 41cc22f] Remove RSA K
		+                1 file changed, 1 insertion(+), 5 deletions(-)
		+
		+       $ git push origin master
		+               git: 'credential-cache' is not a git command. See 'git --help'.
		+               Enumerating objects: 5, done.
		+               Counting objects: 100% (5/5), done.
		+               Delta compression using up to 12 threads
		+               Compressing objects: 100% (3/3), done.
		+               Writing objects: 100% (3/3), 326 bytes | 326.00 KiB/s, done.
		+               Total 3 (delta 1), reused 0 (delta 0)
		+               remote: Resolving deltas: 100% (1/1), completed with 1 local object.
		+               To https://github.com/UjinNikitin/MSVC_Lab_1.git
		+                  3f8d96c..41cc22f  master -> master
		+

		 3) Вивести лог змін (має бути 3 послідовних коміта)
		+       $ git log --pretty=format:'%h : %s' --graph
		+               * 41cc22f : Remove RSA K
		+               * 3f8d96c : Fix typo
		+               * 481a754 : Initial commit Lab_1
		+

		 4) На основі другого коміту зробити гілку, перейти в цю гілку та в ній внести зміни та зробити новий коміт
		+
		+

		 5) Вивести дерево комітів у командному рядку. Він має бути приблизно наступний


7) Створіть віддалений репозиторій на GitHub (BitBucket) та додати ободві локальні гілки на нього

	$ git remote add origin https://github.com/UjinNikitin/MSVC_Lab_1.git

	$ git push origin b_2
		git: 'credential-cache' is not a git command. See 'git --help'.
		Enumerating objects: 5, done.
		Counting objects: 100% (5/5), done.
		Delta compression using up to 12 threads
		Compressing objects: 100% (3/3), done.
		Writing objects: 100% (3/3), 1.50 KiB | 1.50 MiB/s, done.
		Total 3 (delta 2), reused 0 (delta 0)
		remote: Resolving deltas: 100% (2/2), completed with 2 local objects.
		To https://github.com/UjinNikitin/MSVC_Lab_1.git
		   ccf2576..83629cc  b_2 -> b_2

-- зміни вже були запушені раніше, тому для мастера все up-to-date
	$ git push origin master 
		git: 'credential-cache' is not a git command. See 'git --help'.
		Everything up-to-date


8) У локальному репозиторії у гілці внесіть зміни та зробить коміт
	Зробив коміт в гілку b_2:
		Modify K_hex local
		Latest commit f3690c7

	Змінив стрічку 19 в файлі "File with text.txt" на:
		K_hex = 222222222222222222222222222222

9) У віддаленому репозиторії зробіть зміний у тому самому файлі які б конфліктували з локальними
	Зробив коміт в гілку b_2: 
		Modify K_hex
		Latest commit 3f93b11

	Змінив стрічку 19 в файлі "File with text.txt" на:
		K_hex = 111111111111111111111111111111

10) Покажіть різницю між локальною та віддаленою гілками (без git pull)

	$ git diff b_2 origin/b_2
		diff --git a/File with text.txt b/File with text.txt
		index d91a524..642e828 100644
		--- a/File with text.txt
		+++ b/File with text.txt
		@@ -16,7 +16,7 @@ n_A_hex = 166E35EBA15B30AC50048D7C636C10390A4593735EF439396C7E6FE4CEB9BF9F7F586A

		 d_A_hex = 0F35C2740AAB71E02B20A198D8CE91996A147CFDAF058BF06F7D3A295D8AB76BDF23FF5375CAF8E9450EFFD3A613231704C229767A5AF4D5AF931FE06C8BA93861D643

		-K_hex = 222222222222222222222222222222
		+K_hex = 0B022CB706390BED

		 K = 793245648965667821

	Тут не видно комміта, який я робив на віддалену гілку
	Щоб побачити його роблю git fetch:
	$ git fetch
		remote: Enumerating objects: 5, done.
		remote: Counting objects: 100% (5/5), done.
		remote: Compressing objects: 100% (3/3), done.
		remote: Total 3 (delta 1), reused 0 (delta 0), pack-reused 0
		Unpacking objects: 100% (3/3), done.
		From https://github.com/UjinNikitin/MSVC_Lab_1
		   83629cc..3f93b11  b_2        -> origin/b_2

	Порівнюю гілки знову:
	$ git diff b_2 origin/b_2
		diff --git a/File with text.txt b/File with text.txt
		index d91a524..33701fe 100644
		--- a/File with text.txt
		+++ b/File with text.txt
		@@ -16,8 +16,8 @@ n_A_hex = 166E35EBA15B30AC50048D7C636C10390A4593735EF439396C7E6FE4CEB9BF9F7F586A

		 d_A_hex = 0F35C2740AAB71E02B20A198D8CE91996A147CFDAF058BF06F7D3A295D8AB76BDF23FF5375CAF8E9450EFFD3A613231704C229767A5AF4D5AF931FE06C8BA93861D643

		-K_hex = 222222222222222222222222222222
		+K_hex = 111111111111111111111111111111

		 K = 793245648965667821

	От тепер видно коміт, який ми робили у віддалений репозиторій


11) Спробуйте завантажити локальні зміни не віддаленй репозиторій
	$ git push origin b_2
		git: 'credential-cache' is not a git command. See 'git --help'.
		To https://github.com/UjinNikitin/MSVC_Lab_1.git
		 ! [rejected]        b_2 -> b_2 (non-fast-forward)
		error: failed to push some refs to 'https://github.com/UjinNikitin/MSVC_Lab_1.git'
		hint: Updates were rejected because the tip of your current branch is behind
		hint: its remote counterpart. Integrate the remote changes (e.g.
		hint: 'git pull ...') before pushing again.
		hint: See the 'Note about fast-forwards' in 'git push --help' for details.

	Ну, звісно нічого не працює =)


12) При виникненні конфліку - вирішить його (без push force). У результаті локальний та віддаленй репозиторій мають бути однакові

	Роблю як рекомендує гіт в хінтах:
	$ git pull origin b_2
		From https://github.com/UjinNikitin/MSVC_Lab_1
		 * branch            b_2        -> FETCH_HEAD
		Auto-merging File with text.txt
		CONFLICT (content): Merge conflict in File with text.txt
		Automatic merge failed; fix conflicts and then commit the result.

	Починається процес MERGING
	Скріншот процесу додав у вигляді скріншоту MERGING.JPG в репозиторій

	Закомітив зміни в графічному редакторі
	Назва коміту:
		Merge branch 'b_2' of https://github.com/UjinNikitin/MSVC_Lab_1 into b_2

	Пушу зміни:
	$ git push origin b_2
		git: 'credential-cache' is not a git command. See 'git --help'.
		Enumerating objects: 10, done.
		Counting objects: 100% (10/10), done.
		Delta compression using up to 12 threads
		Compressing objects: 100% (6/6), done.
		Writing objects: 100% (6/6), 684 bytes | 684.00 KiB/s, done.
		Total 6 (delta 2), reused 0 (delta 0)
		remote: Resolving deltas: 100% (2/2), completed with 1 local object.
		To https://github.com/UjinNikitin/MSVC_Lab_1.git
		   3f93b11..fafe773  b_2 -> b_2


13) Вивести дерево комітів у командному рядку який би містив віддалені гілки
	$ git log --oneline --graph --decorate --all
		*   fafe773 (HEAD -> b_2, origin/b_2) Merge branch 'b_2' of https://github.com/UjinNikitin/MSVC_Lab_1 into b_2
		|\
		| * 3f93b11 Modify K_hex
		* | f3690c7 Modify K_hex local
		|/
		* 83629cc b_2 commit new changes
		* ccf2576 b_2 commit
		| * 41cc22f (origin/master, master) Remove RSA K
		|/
		* 3f8d96c Fix typo
		* 481a754 Initial commit Lab_1


14) Обєднайте branch та main. Вивести дерево комітів

	$ git merge b_2
		Auto-merging File with text.txt
		CONFLICT (content): Merge conflict in File with text.txt
		Automatic merge failed; fix conflicts and then commit the result.

	Тут знову таки конфлікт, вирішував в графічному редакторі

	Виводжу дерево комітів
	$ git log --oneline --graph --decorate --all
		*   12d93df (HEAD -> master) Merge branch 'b_2'
		|\
		| *   fafe773 (origin/b_2, b_2) Merge branch 'b_2' of https://github.com/UjinNikitin/MSVC_Lab_1 into b_2
		| |\
		| | * 3f93b11 Modify K_hex
		| * | f3690c7 Modify K_hex local
		| |/
		| * 83629cc b_2 commit new changes
		| * ccf2576 b_2 commit
		* | 41cc22f (origin/master) Remove RSA K
		|/
		* 3f8d96c Fix typo
		* 481a754 Initial commit Lab_1


15) За допомогою команд git cat-file -p <hash>, git cat-file -t <hash> виведіть вміст Commit Objects та ObjectsTree для останньго коміту.

	$ git cat-file -p 12d93df
		tree 086d86a853c51b3c780ec7140773d7015f88c055
		parent 41cc22fc5ab050d75325b7089f5c758194469ff0
		parent fafe773be0d1fa92b0092509e9bd05d9a134ef03
		author Yevhenii Nikitin <erhytn9@ukr.net> 1613218501 +0200
		committer Yevhenii Nikitin <erhytn9@ukr.net> 1613218501 +0200

		Merge branch 'b_2'

	$ git cat-file -t 12d93df
	commit

	Тут щось наче не те вивелось, тому я спробував іншу комманду:
	$ git cat-file tree 12d93df
	100644 File with text.txt▒▒▒▒Ǥ▒^5s▒▒▒▒▒<J100644 Lab_1_Nikitin.txtU▒▒▒asb▒z▒▒]Ew▒Hޘ

	Але тут теж формат не дуже, тому ось остаточний варіант:
	$ git ls-tree 12d93df
	100644 blob d5ee9fe812b4c7a4ae5e013573a689a2fde33c4a    File with text.txt
	100644 blob 55979a1390617362ae7afeb15d1845779748de98    Lab_1_Nikitin.txt
