Лабораторна робота №1
Нікітін Євгеній
ФБ-01мп

1) Створювати Git-репозиторій і додати в нього декілька текстових файлів (чи з кодом), зробити початковий коміт
	Створюю репозиторій:
		$ git init
		Initialized empty Git repository in D:/Dezmant991/Учебники/V курс/2 симестр/Проектування розподілених систем/Labs/Lab_1/.git/

	Додаю файли:
		- Lab_1_Nikitin.txt
		- File with text.txt

	Роблю початковий коміт:
		$ git status
			On branch master

			No commits yet

			Untracked files:
			  (use "git add <file>..." to include in what will be committed)
			        File with text.txt
			        Lab_1_Nikitin.txt

			nothing added to commit but untracked files present (use "git add" to track)

		$ git add .

		$ git commit -m "Initial commit Lab_1"
			[master (root-commit) 481a754] Initial commit Lab_1
			 2 files changed, 56 insertions(+)
			 create mode 100644 File with text.txt
			 create mode 100644 Lab_1_Nikitin.txt

		$ git remote add origin https://github.com/UjinNikitin/MSVC_Lab_1.git

		$ git push origin master
			git: 'credential-cache' is not a git command. See 'git --help'.
			Enumerating objects: 4, done.
			Counting objects: 100% (4/4), done.
			Delta compression using up to 12 threads
			Compressing objects: 100% (4/4), done.
			Writing objects: 100% (4/4), 2.27 KiB | 2.27 MiB/s, done.
			Total 4 (delta 0), reused 0 (delta 0)
			To https://github.com/UjinNikitin/MSVC_Lab_1.git
			 * [new branch]      master -> master


2) Зробити ще два коміти вносячи зміни у файли 
	$ git add .

	$ git commit -m "Fix typo"
		[master 3f8d96c] Fix typo
		 2 files changed, 44 insertions(+), 1 deletion(-)

	$ git push origin master
		git: 'credential-cache' is not a git command. See 'git --help'.
		Enumerating objects: 7, done.
		Counting objects: 100% (7/7), done.
		Delta compression using up to 12 threads
		Compressing objects: 100% (4/4), done.
		Writing objects: 100% (4/4), 1.08 KiB | 1.08 MiB/s, done.
		Total 4 (delta 2), reused 0 (delta 0)
		remote: Resolving deltas: 100% (2/2), completed with 2 local objects.
		To https://github.com/UjinNikitin/MSVC_Lab_1.git
		   481a754..3f8d96c  master -> master

	$ git add .

	$ git commit -m "Remove RSA K"
		[master 41cc22f] Remove RSA K
		 1 file changed, 1 insertion(+), 5 deletions(-)

	$ git push origin master
		git: 'credential-cache' is not a git command. See 'git --help'.
		Enumerating objects: 5, done.
		Counting objects: 100% (5/5), done.
		Delta compression using up to 12 threads
		Compressing objects: 100% (3/3), done.
		Writing objects: 100% (3/3), 326 bytes | 326.00 KiB/s, done.
		Total 3 (delta 1), reused 0 (delta 0)
		remote: Resolving deltas: 100% (1/1), completed with 1 local object.
		To https://github.com/UjinNikitin/MSVC_Lab_1.git
		   3f8d96c..41cc22f  master -> master


3) Вивести лог змін (має бути 3 послідовних коміта)
	$ git log --pretty=format:'%h : %s' --graph
		* 41cc22f : Remove RSA K
		* 3f8d96c : Fix typo
		* 481a754 : Initial commit Lab_1


4) На основі другого коміту зробити гілку, перейти в цю гілку та в ній внести зміни та зробити новий коміт
	


5) Вивести дерево комітів у командному рядку. Він має бути приблизно наступний

6) Покажіть різницю між  branch та main

7) Створіть віддалений репозиторій на GitHub (BitBucket) та додати ободві локальні гілки на нього

8) У локальному репозиторії у гілці внесіть зміни та зробить коміт

9) У віддаленому репозиторії зробіть зміний у тому самому файлі які б конфліктували з локальними

10) Покажіть різницю між локальною та віддаленою гілками (без git pull)

11) Спробуйте завантажити локальні зміни не віддаленй репозиторій

12) При виникненні конфліку - вирішить його (без push force). У результаті локальний та віддаленй репозиторій мають бути однакові

13) Вивести дерево комітів у командному рядку який би містив віддалені гілки

14) Обєднайте branch та main. Вивести дерево комітів

15) За допомогою команд git cat-file -p <hash>, git cat-file -t <hash> виведіть вміст Commit Objects та ObjectsTree для останньго коміту.