Лабораторна робота №1
Нікітін Євгеній
ФБ-01мп

1) Створювати Git-репозиторій і додати в нього декілька текстових файлів (чи з кодом), зробити початковий коміт
	Створюю репозиторій:
		$ git init
		Initialized empty Git repository in D:/Dezmant991/Учебники/V курс/2 симестр/Проектування розподілених систем/Labs/Lab_1/.git/

	Додаю файли:
		- Lab_1_Nikitin.txt
		- File with text.txt

	Роблю початковий коміт:
		$ git status
			On branch master

			No commits yet

			Untracked files:
			  (use "git add <file>..." to include in what will be committed)
			        File with text.txt
			        Lab_1_Nikitin.txt

			nothing added to commit but untracked files present (use "git add" to track)

		$ git add .

		$ git commit -m "Initial commit Lab_1"
			[master (root-commit) 481a754] Initial commit Lab_1
			 2 files changed, 56 insertions(+)
			 create mode 100644 File with text.txt
			 create mode 100644 Lab_1_Nikitin.txt

		$ git remote add origin https://github.com/UjinNikitin/MSVC_Lab_1.git

		$ git push origin master
			git: 'credential-cache' is not a git command. See 'git --help'.
			Enumerating objects: 4, done.
			Counting objects: 100% (4/4), done.
			Delta compression using up to 12 threads
			Compressing objects: 100% (4/4), done.
			Writing objects: 100% (4/4), 2.27 KiB | 2.27 MiB/s, done.
			Total 4 (delta 0), reused 0 (delta 0)
			To https://github.com/UjinNikitin/MSVC_Lab_1.git
			 * [new branch]      master -> master



2) Зробити ще два коміти вносячи зміни у файли 

3) Вивести лог змін (має бути 3 послідовних коміта)

4) На основі другого коміту зробити гілку, перейти в цю гілку та в ній внести зміни та зробити новий коміт

5) Вивести дерево комітів у командному рядку. Він має бути приблизно наступний

6) Покажіть різницю між  branch та main

7) Створіть віддалений репозиторій на GitHub (BitBucket) та додати ободві локальні гілки на нього

8) У локальному репозиторії у гілці внесіть зміни та зробить коміт

9) У віддаленому репозиторії зробіть зміний у тому самому файлі які б конфліктували з локальними

10) Покажіть різницю між локальною та віддаленою гілками (без git pull)

11) Спробуйте завантажити локальні зміни не віддаленй репозиторій

12) При виникненні конфліку - вирішить його (без push force). У результаті локальний та віддаленй репозиторій мають бути однакові

13) Вивести дерево комітів у командному рядку який би містив віддалені гілки

14) Обєднайте branch та main. Вивести дерево комітів

15) За допомогою команд git cat-file -p <hash>, git cat-file -t <hash> виведіть вміст Commit Objects та ObjectsTree для останньго коміту.